﻿cargo : warning: unused imports: `debug`, `error`, `info`, and `warn`
Au caractère Ligne:1 : 1
+ cargo test api::health::tests --package sods-cli > test_output.txt 2> ...
+ ~~~~~~~~~~~~~~~~~~~~~~~~~~~~~~~~~~~~~~~~~~~~~~~~~~~~~~~~~~~~~~~~~~~~~
    + CategoryInfo          : NotSpecified: (warning: unused...fo`, and `warn`:String) [], RemoteExc 
   eption
    + FullyQualifiedErrorId : NativeCommandError
 
  --> sods-cli\src\commands\daemon.rs:11:15
   |
11 | use tracing::{info, warn, debug, error};
   |               ^^^^  ^^^^  ^^^^^  ^^^^^
   |
   = note: `#[warn(unused_imports)]` (part of `#[warn(unused)]`) on by default

warning: unused import: `crate::monitoring::metrics::AgentMetrics`
  --> sods-cli\src\commands\daemon.rs:13:5
   |
13 | use crate::monitoring::metrics::AgentMetrics;
   |     ^^^^^^^^^^^^^^^^^^^^^^^^^^^^^^^^^^^^^^^^

warning: unused import: `Deserialize`
 --> sods-cli\src\api\health.rs:1:24
  |
1 | use serde::{Serialize, Deserialize};
  |                        ^^^^^^^^^^^

warning: unused import: `Opts`
 --> sods-cli\src\monitoring\metrics.rs:1:86
  |
1 | use prometheus::{Registry, IntGauge, Counter, Histogram, HistogramOpts, TextEncoder, Opts, Gau...
  |                                                                                      ^^^^

warning: struct `BehavioralAlert` is never constructed
   --> sods-cli\src\commands\daemon.rs:109:12
    |
109 | pub struct BehavioralAlert {
    |            ^^^^^^^^^^^^^^^
    |
    = note: `#[warn(dead_code)]` (part of `#[warn(unused)]`) on by default

warning: struct `AlertSymbol` is never constructed
   --> sods-cli\src\commands\daemon.rs:121:12
    |
121 | pub struct AlertSymbol {
    |            ^^^^^^^^^^^

warning: struct `Subscription` is never constructed
   --> sods-cli\src\commands\daemon.rs:129:8
    |
129 | struct Subscription {
    |        ^^^^^^^^^^^^

warning: struct `WebSocketServer` is never constructed
   --> sods-cli\src\commands\daemon.rs:134:12
    |
134 | pub struct WebSocketServer {
    |            ^^^^^^^^^^^^^^^

warning: associated items `new`, `start`, `handle_connection`, and `broadcast_alert` are never used
   --> sods-cli\src\commands\daemon.rs:140:12
    |
139 | impl WebSocketServer {
    | -------------------- associated items in this implementation
140 |     pub fn new(port: u16) -> Self {
    |            ^^^
...
147 |     pub async fn start(self: Arc<Self>) {
    |                  ^^^^^
...
165 |     async fn handle_connection(
    |              ^^^^^^^^^^^^^^^^^
...
214 |     pub async fn broadcast_alert(&self, alert: BehavioralAlert) {
    |                  ^^^^^^^^^^^^^^^

warning: struct `MonitoringTarget` is never constructed
   --> sods-cli\src\commands\daemon.rs:244:19
    |
244 | pub(crate) struct MonitoringTarget {
    |                   ^^^^^^^^^^^^^^^^

warning: function `parse_duration` is never used
   --> sods-cli\src\commands\daemon.rs:285:15
    |
285 | pub(crate) fn parse_duration(s: &str) -> std::time::Duration {
    |               ^^^^^^^^^^^^^^

warning: function `run` is never used
   --> sods-cli\src\commands\daemon.rs:827:14
    |
827 | pub async fn run(args: DaemonArgs) -> i32 {
    |              ^^^

warning: multiple fields are never read
  --> sods-cli\src\monitoring\metrics.rs:13:9
   |
 9 | pub struct AgentMetrics {
   |            ------------ fields in this struct
...
13 |     pub active_rules: IntGauge,
   |         ^^^^^^^^^^^^
14 |     pub memory_usage_mb: IntGauge,
   |         ^^^^^^^^^^^^^^^
15 |     pub connected_peers: IntGauge,
   |         ^^^^^^^^^^^^^^^
16 |     pub rpc_calls_total: Counter,
   |         ^^^^^^^^^^^^^^^
17 |     pub p2p_messages_total: Counter,
   |         ^^^^^^^^^^^^^^^^^^
18 |     pub behavioral_alerts_total: Counter,
   |         ^^^^^^^^^^^^^^^^^^^^^^^
19 |     pub verification_failures_total: Counter,
   |         ^^^^^^^^^^^^^^^^^^^^^^^^^^^
20 |     pub verification_duration_seconds: Histogram,
   |         ^^^^^^^^^^^^^^^^^^^^^^^^^^^^^
...
23 |     pub registry_registrations_total: Counter,
   |         ^^^^^^^^^^^^^^^^^^^^^^^^^^^^
24 |     pub registry_updates_total: Counter,
   |         ^^^^^^^^^^^^^^^^^^^^^^
...
28 |     pub validation_success_rate: Gauge,
   |         ^^^^^^^^^^^^^^^^^^^^^^^
...
34 |     pub payment_success_rate: Gauge,
   |         ^^^^^^^^^^^^^^^^^^^^
...
37 |     pub last_validation_timestamp: Gauge,
   |         ^^^^^^^^^^^^^^^^^^^^^^^^^
   |
   = note: `AgentMetrics` has a derived impl for the trait `Clone`, but this is intentionally 
ignored during dead code analysis

warning: `sods-cli` (bin "sods") generated 13 warnings (run `cargo fix --bin "sods" -p sods-cli` to 
apply 4 suggestions)
warning: use of deprecated associated function `assert_cmd::Command::cargo_bin`: incompatible with a 
custom cargo build-dir, see instead `cargo::cargo_bin_cmd!`
  --> sods-cli\tests\common\mod.rs:19:32
   |
19 |         let mut cmd = Command::cargo_bin("sods").unwrap();
   |                                ^^^^^^^^^
   |
   = note: `#[warn(deprecated)]` on by default

warning: unused variable: `method_name`
  --> sods-cli\tests\common\mod.rs:28:34
   |
28 |     pub async fn mock_rpc(&self, method_name: &str, response_json: serde_json::Value) {
   |                                  ^^^^^^^^^^^ help: if this is intentional, prefix it with an 
underscore: `_method_name`
   |
   = note: `#[warn(unused_variables)]` (part of `#[warn(unused)]`) on by default

warning: field `server` is never read
 --> sods-cli\tests\common\mod.rs:6:9
  |
5 | pub struct TestEnv {
  |            ------- field in this struct
6 |     pub server: MockServer,
  |         ^^^^^^
  |
  = note: `#[warn(dead_code)]` (part of `#[warn(unused)]`) on by default

warning: method `mock_rpc` is never used
  --> sods-cli\tests\common\mod.rs:28:18
   |
10 | impl TestEnv {
   | ------------ method in this implementation
...
28 |     pub async fn mock_rpc(&self, method_name: &str, response_json: serde_json::Value) {
   |                  ^^^^^^^^

warning: function `get_mock_block_header` is never used
  --> sods-cli\tests\common\mod.rs:46:8
   |
46 | pub fn get_mock_block_header(block_number: u64) -> serde_json::Value {
   |        ^^^^^^^^^^^^^^^^^^^^^

warning: unused variable: `contract`
  --> sods-cli\tests\erc8004\agent_registration.rs:35:9
   |
35 |     let contract = Contract::new(address, abi, client.clone());
   |         ^^^^^^^^ help: if this is intentional, prefix it with an underscore: `_contract`
   |
   = note: `#[warn(unused_variables)]` (part of `#[warn(unused)]`) on by default

warning: unused variable: `metadata_uri`
  --> sods-cli\tests\erc8004\agent_registration.rs:38:9
   |
38 |     let metadata_uri = "ipfs://QmSODSRegistrationTest";
   |         ^^^^^^^^^^^^ help: if this is intentional, prefix it with an underscore: `_metadata_uri`

warning: unused variable: `services`
  --> sods-cli\tests\erc8004\agent_registration.rs:39:9
   |
39 |     let services: Vec<String> = vec!["REST API".to_string()];
   |         ^^^^^^^^ help: if this is intentional, prefix it with an underscore: `_services`

warning: constant `REPUTATION_REGISTRY_ABI` is never used
 --> sods-cli\tests\erc8004\reputation_feedback.rs:4:7
  |
4 | const REPUTATION_REGISTRY_ABI: &str = r#"[
  |       ^^^^^^^^^^^^^^^^^^^^^^^
  |
  = note: `#[warn(dead_code)]` (part of `#[warn(unused)]`) on by default

   Compiling sods-cli v1.1.0 (C:\Users\Hp\Desktop\SODS-Protocol\sods-cli)
warning: unused import: `std::time::Duration`
 --> sods-cli\tests\monitoring_integration.rs:2:5
  |
2 | use std::time::Duration;
  |     ^^^^^^^^^^^^^^^^^^^
  |
  = note: `#[warn(unused_imports)]` (part of `#[warn(unused)]`) on by default

warning: `sods-cli` (test "e2e_export_proof") generated 5 warnings (run `cargo fix --test 
"e2e_export_proof" -p sods-cli` to apply 1 suggestion)
warning: `sods-cli` (test "e2e_verify") generated 5 warnings (5 duplicates)
warning: `sods-cli` (test "e2e_prometheus") generated 5 warnings (5 duplicates)
warning: `sods-cli` (test "e2e_registry") generated 5 warnings (5 duplicates)
warning: `sods-cli` (test "erc8004_integration") generated 4 warnings (run `cargo fix --test 
"erc8004_integration" -p sods-cli` to apply 3 suggestions)
warning: `sods-cli` (test "e2e_daemon") generated 5 warnings (5 duplicates)
warning: `sods-cli` (test "e2e_websocket") generated 5 warnings (5 duplicates)
warning: `sods-cli` (test "monitoring_integration") generated 1 warning (run `cargo fix --test 
"monitoring_integration" -p sods-cli` to apply 1 suggestion)
warning: unused import: `axum::Json`
   --> sods-cli\src\api\health.rs:143:9
    |
143 |     use axum::Json;
    |         ^^^^^^^^^^

warning: unused import: `Opts`
 --> sods-cli\src\monitoring\metrics.rs:1:86
  |
1 | use prometheus::{Registry, IntGauge, Counter, Histogram, HistogramOpts, TextEncoder, Opts, 
Gauge, Encoder};
  |                                                                                      ^^^^

error[E0277]: `ReadyResponse` doesn't implement `std::fmt::Debug`
    --> sods-cli\src\api\health.rs:183:27
     |
 183 |         assert_eq!(result.unwrap_err(), StatusCode::SERVICE_UNAVAILABLE);
     |                           ^^^^^^^^^^ the trait `std::fmt::Debug` is not implemented for 
`ReadyResponse`
     |
     = note: add `#[derive(Debug)]` to `ReadyResponse` or manually `impl std::fmt::Debug for 
ReadyResponse`
     = help: the trait `std::fmt::Debug` is implemented for `axum::Json<T>`
     = note: required for `axum::Json<ReadyResponse>` to implement `std::fmt::Debug`
note: required by a bound in `std::result::Result::<T, E>::unwrap_err`
    --> C:\Users\Hp\.rustup\toolchains\stable-x86_64-pc-windows-msvc\lib/rustlib/src/rust\library\cor
e\src\result.rs:1326:12
     |
1324 |     pub fn unwrap_err(self) -> E
     |            ---------- required by a bound in this associated function
1325 |     where
1326 |         T: fmt::Debug,
     |            ^^^^^^^^^^ required by this bound in `Result::<T, E>::unwrap_err`
help: consider annotating `ReadyResponse` with `#[derive(Debug)]`
     |
  30 + #[derive(Debug)]
  31 | pub struct ReadyResponse {
     |

warning: unused variable: `expected`
  --> sods-cli\src\commands\hash_pattern.rs:24:13
   |
24 |         let expected = "0x8a3b7c"; // Placeholder for actual start of hash
   |             ^^^^^^^^ help: if this is intentional, prefix it with an underscore: `_expected`
   |
   = note: `#[warn(unused_variables)]` (part of `#[warn(unused)]`) on by default

For more information about this error, try `rustc --explain E0277`.
warning: `sods-cli` (bin "sods" test) generated 6 warnings (3 duplicates)
error: could not compile `sods-cli` (bin "sods" test) due to 1 previous error; 6 warnings emitted
